C4_0.25 D4_0.25 E4_0.25 G4_0.5
F3_0.5 A3_0.25 C4_0.25
G3_0.25 B3_0.25 D4_0.5 F4_0.25
